2026-08-29 07:07:05 | F:\Gitsite\-\croquis_models_2\DSC04126.jpg | Can't create control. (Gui.Prototype.Add)
2026-08-29 07:07:06 | F:\Gitsite\-\croquis_models_2\DSC05021.jpg | Can't create control. (Gui.Prototype.Add)
2026-08-29 07:07:07 | F:\Gitsite\-\croquis_models_2\DSC04899.jpg | Can't create control. (Gui.Prototype.Add)
2026-08-29 07:07:07 | F:\Gitsite\-\croquis_models_2\img-43.jpg | Can't create control. (Gui.Prototype.Add)
2026-08-30 14:11:51 | F:\Gitsite\-\croquis_models_2\kurilko6381.jpg | This value of type "Gui.Pic" has no method named "Destroy". ()
2026-08-30 14:11:52 | F:\Gitsite\-\croquis_models_2\DSC02516.jpg | This value of type "Gui.Pic" has no method named "Destroy". ()
2026-08-30 14:11:52 | F:\Gitsite\-\croquis_models_2\DSC03427.jpg | This value of type "Gui.Pic" has no method named "Destroy". ()
2026-08-30 14:11:53 | F:\Gitsite\-\croquis_models_2\DSC06625.jpg | This value of type "Gui.Pic" has no method named "Destroy". ()
2026-08-31 00:43:34 | F:\Gitsite\-\croquis_models_2\DSC01867.jpg | This value of type "Gui.Pic" has no method named "Destroy". ()
2026-08-31 00:43:35 | F:\Gitsite\-\croquis_models_2\DSC06338.jpg | This value of type "Gui.Pic" has no method named "Destroy". ()
2026-08-31 00:43:36 | F:\Gitsite\-\croquis_models_2\DSC02788.jpg | This value of type "Gui.Pic" has no method named "Destroy". ()
2026-08-31 00:43:36 | F:\Gitsite\-\croquis_models_2\DSC03642.jpg | This value of type "Gui.Pic" has no method named "Destroy". ()
2026-08-31 00:58:51 |  | リサイズ時の再描画に失敗: 
2026-08-31 00:58:55 | F:\Gitsite\-\croquis_models_2\img-38.jpg | リサイズ時の再描画に失敗: A control with this name already exists. (Gui.Prototype.Add)
2026-08-31 00:58:59 | F:\Gitsite\-\croquis_models_2\img-38.jpg | リサイズ時の再描画に失敗: A control with this name already exists. (Gui.Prototype.Add)
2026-08-31 00:59:01 | F:\Gitsite\-\croquis_models_2\img-38.jpg | リサイズ時の再描画に失敗: A control with this name already exists. (Gui.Prototype.Add)
2026-08-31 00:59:03 | F:\Gitsite\-\croquis_models_2\img-38.jpg | リサイズ時の再描画に失敗: A control with this name already exists. (Gui.Prototype.Add)
2026-08-31 00:59:05 | F:\Gitsite\-\croquis_models_2\img-38.jpg | リサイズ時の再描画に失敗: A control with this name already exists. (Gui.Prototype.Add)
2026-08-31 00:59:07 | F:\Gitsite\-\croquis_models_2\img-38.jpg | リサイズ時の再描画に失敗: A control with this name already exists. (Gui.Prototype.Add)
2026-08-31 01:03:53 |  | リサイズ時の再描画に失敗: 
2026-08-31 10:37:47 |  | This value of type "HTMLImg" has no property named "naturalWidth". ()
2026-08-31 10:37:47 |  | This value of type "HTMLImg" has no property named "naturalWidth". ()
2026-08-31 10:37:47 |  | This value of type "HTMLImg" has no property named "naturalWidth". ()
2026-08-31 10:37:47 |  | This value of type "HTMLImg" has no property named "naturalWidth". ()
